"""
FastAPI app for Trading Dashboard.

Endpoints (all read-only):
  GET /health
  GET /api/dates
  GET /api/dash?date=YYYY-MM-DD&section=Stock
  GET /api/dash/summary?date=YYYY-MM-DD
  GET /api/stks?date=YYYY-MM-DD&sector=Information+Technology&min_brr=0
  GET /api/symbol/{sym}/history?from=YYYY-MM-DD&to=YYYY-MM-DD
  GET /api/sectors                # distinct sector values currently in drv_ma
  GET /                           # serves web/index.html
  GET /static/*                   # serves web/* (js, css, etc.)

Run from project root:
  .venv\\Scripts\\activate
  uvicorn api.main:app --reload --host 127.0.0.1 --port 8000
"""
from __future__ import annotations

import json
from datetime import date, datetime
from pathlib import Path
from typing import Optional

from fastapi import FastAPI, HTTPException, Query, File, UploadFile
from fastapi.middleware.cors import CORSMiddleware
from fastapi.responses import FileResponse, JSONResponse
from fastapi.staticfiles import StaticFiles
from sqlalchemy import text
import tempfile
import os

from config.settings import settings
from etl.db import get_engine, get_table, session_scope
from etl.refresh_ref import REFRESH_HANDLERS

from api.models import (
    DashRow, DashSummary, HealthResponse, StksRow, SymbolHistoryRow,
    RefTableColumn, RefTableData, RefTableMeta, RefRowUpdateResult, RefReloadResult,
    DataTableMeta, RefRowInsertResult, TableStats,
    AtomicRuleResponse, CompositeRuleResponse, UserActionRequest, RulePerformanceRow,
    AtomicRuleCreateRequest, AtomicRuleUpdateRequest,
    CompositeRuleCreateRequest, CompositeRuleUpdateRequest,
)

PROJECT_ROOT = Path(__file__).resolve().parent.parent
WEB_DIR = PROJECT_ROOT / "web"


app = FastAPI(
    title="Trading Dashboard API",
    description="Replaces the Tickers Excel workbook. Snapshot-date aware.",
    version="0.1.0",
)

# Permissive CORS for local dev. Tighten in production.
app.add_middleware(
    CORSMiddleware,
    allow_origins=["*"],
    allow_credentials=True,
    allow_methods=["*"],
    allow_headers=["*"],
)


# -----------------------------------------------------------------------------
# Health
# -----------------------------------------------------------------------------

@app.get("/debug/tables-dict")
def debug_tables_dict():
    """Debug endpoint: show what's actually in DATA_TABLE_DATE_COL"""
    return {
        "total": len(DATA_TABLE_DATE_COL),
        "drv_cat_count": len([k for k in DATA_TABLE_DATE_COL if k.startswith('drv_cat_')]),
        "drv_cat_tables": sorted([k for k in DATA_TABLE_DATE_COL if k.startswith('drv_cat_')]),
        "all_tables": sorted(DATA_TABLE_DATE_COL.keys()),
    }


@app.get("/health", response_model=HealthResponse)
def health():
    db_ok = "ok"
    try:
        with get_engine().connect() as conn:
            conn.execute(text("SELECT 1"))
    except Exception as e:
        db_ok = f"error: {e}"
    return HealthResponse(
        status="ok" if db_ok == "ok" else "degraded",
        db=db_ok,
        server_time=datetime.now(),
        pg_database=settings.pg_database,
    )


# -----------------------------------------------------------------------------
# Date listing
# -----------------------------------------------------------------------------

@app.get("/api/dates")
def list_dates():
    """Distinct snapshot dates available across drv_dash + drv_stks."""
    with session_scope() as s:
        rows = s.execute(text("""
            SELECT as_of_date FROM v_available_dates ORDER BY 1 DESC
        """)).fetchall()
    return [r[0].isoformat() for r in rows]


@app.get("/api/sectors")
def list_sectors():
    """Distinct sectors present in drv_ma (used for filter dropdowns)."""
    with session_scope() as s:
        rows = s.execute(text("""
            SELECT DISTINCT sector FROM drv_ma
            WHERE sector IS NOT NULL
            ORDER BY 1
        """)).fetchall()
    return [r[0] for r in rows]


# -----------------------------------------------------------------------------
# Dashboard endpoints
# -----------------------------------------------------------------------------

def _resolve_date(d: Optional[str]) -> date:
    """If date is None, return latest available; else parse YYYY-MM-DD."""
    if d is None:
        with session_scope() as s:
            row = s.execute(text(
                "SELECT MAX(as_of_date) FROM v_available_dates"
            )).first()
        if not row or row[0] is None:
            raise HTTPException(status_code=404,
                                detail="No data loaded. Run etl/tickers_initial_load.py first.")
        return row[0]
    try:
        return datetime.strptime(d, "%Y-%m-%d").date()
    except ValueError:
        raise HTTPException(status_code=400,
                            detail="date must be YYYY-MM-DD")


@app.get("/api/dash", response_model=list[DashRow])
def get_dash(
    date: Optional[str] = Query(None, description="Snapshot date (default = latest)"),
    section: Optional[str] = Query(None, description="Filter to one section"),
):
    d = _resolve_date(date)
    sql = "SELECT * FROM v_dash(:d)"
    params = {"d": d}
    if section:
        sql = "SELECT * FROM v_dash(:d) WHERE section = :sec"
        params["sec"] = section
    with session_scope() as s:
        rows = s.execute(text(sql), params).mappings().all()
    return rows


@app.get("/api/dash/summary", response_model=Optional[DashSummary])
def get_dash_summary(date: Optional[str] = Query(None)):
    d = _resolve_date(date)
    with session_scope() as s:
        row = s.execute(text("SELECT * FROM v_dash_summary(:d)"),
                        {"d": d}).mappings().first()
    if not row:
        return None
    return row


# -----------------------------------------------------------------------------
# Dashboard side panels: economic indicators, earnings/calendar events, quads
# -----------------------------------------------------------------------------

@app.get("/api/dashboard/econ-indicators")
def get_dashboard_econ_indicators(
    date: Optional[str] = Query(None, description="As-of date (defaults to today)"),
    limit: int = Query(30, ge=1, le=200),
):
    """
    Active economic indicators for the dashboard side panel.
    Mirrors Dash A-J: filters ref_econ_indicator where show_on_dashboard='Y'
    (or incl='Y' as fallback), sorted by days ascending (soonest first).
    """
    d = datetime.strptime(date, "%Y-%m-%d").date() if date else datetime.now().date()
    with session_scope() as s:
        rows = s.execute(text("""
            SELECT
                indicator,
                indicator_date,
                (indicator_date - :d) AS days,
                ol AS signal,
                from_date,
                to_date,
                effective_today,
                expected,
                url
            FROM ref_econ_indicator
            WHERE COALESCE(show_on_dashboard, incl) = 'Y'
              AND indicator_date >= :d - INTERVAL '7 days'
            ORDER BY indicator_date ASC, days ASC
            LIMIT :lim
        """), {"d": d, "lim": limit}).mappings().all()
    return [dict(r) for r in rows]


@app.get("/api/dashboard/earnings")
def get_dashboard_earnings(
    date: Optional[str] = Query(None, description="As-of date (defaults to today)"),
    days_ahead: int = Query(60, ge=1, le=365),
    limit: int = Query(100, ge=1, le=500),
):
    """
    Earnings & calendar events for the dashboard side panel.
    Pulls from ref_calendar_event (Vix Expiration, Fed Meeting, CPI, NFP, etc.)
    plus any rows tagged 'Earnings' in the category column.
    Sorted by event_date ascending, next `days_ahead` days only.
    """
    d = datetime.strptime(date, "%Y-%m-%d").date() if date else datetime.now().date()
    with session_scope() as s:
        rows = s.execute(text("""
            SELECT
                category,
                event_date,
                (event_date - :d) AS days_until
            FROM ref_calendar_event
            WHERE event_date >= :d
              AND event_date <= :d + (:days_ahead || ' days')::INTERVAL
            ORDER BY event_date ASC, category ASC
            LIMIT :lim
        """), {"d": d, "days_ahead": days_ahead, "lim": limit}).mappings().all()
    return [dict(r) for r in rows]


@app.get("/api/dashboard/quads")
def get_dashboard_quads(
    date: Optional[str] = Query(None, description="As-of date (defaults to today)"),
):
    """
    Quads for the dashboard banner:
      - current_quarter: quarter containing :d
      - next_quarter:    quarter immediately after current_quarter
      - months:          list of 4 monthly periods (current month + next 3)
    All resolved from ref_quad_periods.
    """
    d = datetime.strptime(date, "%Y-%m-%d").date() if date else datetime.now().date()
    out = {
        "as_of_date": d.isoformat(),
        "current_quarter": None,
        "next_quarter": None,
        "months": [],
    }
    with session_scope() as s:
        cq = s.execute(text("""
            SELECT period_type, label, start_date, end_date, quad
            FROM ref_quad_periods
            WHERE period_type = 'quarterly'
              AND :d >= start_date
              AND (:d <= end_date OR end_date IS NULL)
            ORDER BY start_date DESC
            LIMIT 1
        """), {"d": d}).mappings().first()
        if cq:
            out["current_quarter"] = dict(cq)

        anchor = cq["start_date"] if cq else d
        nq = s.execute(text("""
            SELECT period_type, label, start_date, end_date, quad
            FROM ref_quad_periods
            WHERE period_type = 'quarterly'
              AND start_date > :anchor
            ORDER BY start_date ASC
            LIMIT 1
        """), {"anchor": anchor}).mappings().first()
        if nq:
            out["next_quarter"] = dict(nq)

        months = s.execute(text("""
            SELECT period_type, label, start_date, end_date, quad
            FROM ref_quad_periods
            WHERE period_type = 'monthly'
              AND COALESCE(end_date, start_date) >= :d
            ORDER BY start_date ASC
            LIMIT 4
        """), {"d": d}).mappings().all()
        out["months"] = [dict(m) for m in months]

    return out


@app.get("/api/stks", response_model=list[StksRow])
def get_stks(
    date: Optional[str] = Query(None),
    sector: Optional[str] = Query(None),
    asset_class: Optional[str] = Query(None),
    min_brr: Optional[float] = Query(None, description="Filter rr_brr >= this"),
    max_brr: Optional[float] = Query(None, description="Filter rr_brr <= this"),
    outlook: Optional[str] = Query(None, description="BULLISH | BEARISH | NEUTRAL"),
    limit: int = Query(500, ge=1, le=5000),
):
    d = _resolve_date(date)
    where = []
    params: dict = {"d": d, "lim": limit}
    if sector:
        where.append("sector = :sector"); params["sector"] = sector
    if asset_class:
        where.append("asset_class = :ac"); params["ac"] = asset_class
    if min_brr is not None:
        where.append("rr_brr >= :minbrr"); params["minbrr"] = min_brr
    if max_brr is not None:
        where.append("rr_brr <= :maxbrr"); params["maxbrr"] = max_brr
    if outlook:
        where.append("UPPER(composite_label) = :ol"); params["ol"] = outlook.upper()

    where_clause = " AND ".join(["ma.as_of_date = :d"] + where) if where else "ma.as_of_date = :d"
    sql = f"""
        SELECT
            ma.as_of_date, ma.symbol, ma.description, ma.sector, ma.asset_class,
            ma.sub_asset_class, ma.equity_sector, ma.last_price, ma.a_trend_value, ma.a_trade_value,
            ma.a_bb_top, ma.a_bb_bottom, ma.a_bb_streak, ma.a_macd_brr, ma.a_macdh_d_brr,
            ma.pct_brr, ma.rr_outlook, ma.rr_brr, ma.call_outlook, ma.call_modifier,
            ma.etf_outlook, ma.ii_outlook, ma.ssh_signal_sign, ma.iv_percentile, ma.imp_volatility,
            ma.hv_percentile, ma.range_compression, ma.d_iv_to_hv, ma.rsi, ma.earnings_days,
            ma.sma_20, ma.sma_50, ma.sma_200, ma.volume, ma.vlm_projected, ma.market_cap_str,
            ma.beta, ma.pe_ratio, ma.eps, ma.div_yield,
            stks.composite_outlook, stks.composite_label,
            stks.triggered_atomic_ids, stks.triggered_composite_ids
        FROM drv_ma ma
        LEFT JOIN drv_stks stks ON ma.as_of_date = stks.as_of_date AND ma.symbol = stks.symbol
        WHERE {where_clause}
        ORDER BY ma.symbol
        LIMIT :lim
    """
    with session_scope() as s:
        rows = s.execute(text(sql), params).mappings().all()
    return rows


@app.get("/api/symbol/{sym}/history", response_model=list[SymbolHistoryRow])
def get_symbol_history(
    sym: str,
    from_date: Optional[str] = Query(None, alias="from"),
    to_date: Optional[str] = Query(None, alias="to"),
    limit: int = Query(365, ge=1, le=2000),
):
    sym = sym.upper().strip()
    where = ["symbol = :sym"]
    params: dict = {"sym": sym, "lim": limit}
    if from_date:
        try:
            params["fd"] = datetime.strptime(from_date, "%Y-%m-%d").date()
            where.append("as_of_date >= :fd")
        except ValueError:
            raise HTTPException(status_code=400, detail="from must be YYYY-MM-DD")
    if to_date:
        try:
            params["td"] = datetime.strptime(to_date, "%Y-%m-%d").date()
            where.append("as_of_date <= :td")
        except ValueError:
            raise HTTPException(status_code=400, detail="to must be YYYY-MM-DD")
    sql = f"""
        SELECT as_of_date, last_price, rr_brr, pct_brr, rr_outlook, sector
        FROM drv_ma
        WHERE {' AND '.join(where)}
        ORDER BY as_of_date DESC
        LIMIT :lim
    """
    with session_scope() as s:
        rows = s.execute(text(sql), params).mappings().all()
    if not rows:
        raise HTTPException(status_code=404,
                            detail=f"no history for symbol '{sym}'")
    return rows


# -----------------------------------------------------------------------------
# Ref Table Management
# -----------------------------------------------------------------------------

# All known ref tables (17 total)
ALL_REF_TABLES = [
    "ref_sector", "ref_rrt", "ref_rule_desc", "ref_holiday", "ref_econ_indicator",
    "ref_fed_blackout", "ref_calendar_event", "ref_quad_outlook", "ref_quad_periods",
    "ref_param", "ref_param_lookup", "ref_asset_allocation", "ref_load_files",
    "ref_ismh", "ref_trig_atomic_rule", "ref_trig_composite_mapping",
]

# Table-to-sheet mapping for header validation during file upload reload
REF_TABLE_SHEET = {
    "ref_sector": "Sctr",
    "ref_rule_desc": "Desc",
    "ref_ismh": "ISMH",
}


@app.get("/api/ref/tables", response_model=list[RefTableMeta])
def list_ref_tables():
    """List all ref tables with row counts and tunable status."""
    result = []
    with session_scope() as s:
        for tbl_name in ALL_REF_TABLES:
            try:
                count_row = s.execute(text(f"SELECT COUNT(*) FROM {tbl_name}")).first()
                row_count = count_row[0] if count_row else 0
            except Exception:
                row_count = 0
            tunable = tbl_name in REFRESH_HANDLERS
            result.append(RefTableMeta(
                name=tbl_name,
                row_count=row_count,
                tunable=tunable,
            ))
    return result


@app.get("/api/ref/{table_name}", response_model=RefTableData)
def get_ref_table(
    table_name: str,
    limit: int = Query(500, ge=1, le=5000),
    offset: int = Query(0, ge=0),
):
    """Fetch ref table data with column metadata."""
    if table_name not in ALL_REF_TABLES:
        raise HTTPException(status_code=404, detail=f"Unknown ref table: {table_name}")

    with session_scope() as s:
        # Get column info via SQLAlchemy reflection
        table = get_table(table_name)
        pk_cols = {c.name for c in table.primary_key.columns}
        columns = [
            RefTableColumn(name=c.name, is_pk=(c.name in pk_cols))
            for c in table.columns
            if c.name != "loaded_at"  # Always hide loaded_at
        ]

        # Fetch rows
        rows_sql = f"SELECT * FROM {table_name} ORDER BY 1 LIMIT :lim OFFSET :off"
        row_list = s.execute(text(rows_sql), {"lim": limit, "off": offset}).mappings().all()
        rows = [dict(r) for r in row_list]

        # Get total count
        count_row = s.execute(text(f"SELECT COUNT(*) FROM {table_name}")).first()
        total = count_row[0] if count_row else 0

    return RefTableData(
        table=table_name,
        columns=columns,
        rows=rows,
        total=total,
    )


@app.patch("/api/ref/{table_name}/row", response_model=RefRowUpdateResult)
def update_ref_row(
    table_name: str,
    pk: dict,
    updates: dict,
):
    """Update a single row in a ref table."""
    if table_name not in ALL_REF_TABLES:
        raise HTTPException(status_code=404, detail=f"Unknown ref table: {table_name}")

    with session_scope() as s:
        table = get_table(table_name)
        pk_cols = {c.name for c in table.primary_key.columns}

        # Validate PK keys match schema
        if set(pk.keys()) != pk_cols:
            raise HTTPException(
                status_code=400,
                detail=f"PK mismatch: expected {list(pk_cols)}, got {list(pk.keys())}"
            )

        # Build WHERE clause from PK
        where_parts = [f"{k} = :{k}" for k in pk_cols]
        where_sql = " AND ".join(where_parts)

        # Build SET clause, always include loaded_at
        update_params = {**pk}
        set_parts = []
        for col_name, col_val in updates.items():
            if col_name in pk_cols or col_name == "loaded_at":
                continue  # Skip PKs and loaded_at
            set_parts.append(f"{col_name} = :{col_name}")
            update_params[col_name] = col_val

        if not set_parts:
            return RefRowUpdateResult(ok=True, updated=0)

        set_parts.append("loaded_at = now()")

        update_sql = f"UPDATE {table_name} SET {', '.join(set_parts)} WHERE {where_sql}"

        try:
            result = s.execute(text(update_sql), update_params)
            updated = result.rowcount or 0
            return RefRowUpdateResult(ok=True, updated=updated)
        except Exception as e:
            raise HTTPException(status_code=500, detail=f"Update failed: {str(e)}")


@app.post("/api/ref/{table_name}/reload", response_model=RefReloadResult)
async def reload_ref_table(table_name: str, file: UploadFile = File(...)):
    """Reload a ref table from an uploaded Excel file."""
    if table_name not in ALL_REF_TABLES:
        raise HTTPException(status_code=404, detail=f"Unknown ref table: {table_name}")

    if table_name not in REFRESH_HANDLERS:
        raise HTTPException(
            status_code=400,
            detail=f"Table '{table_name}' is not tunable (read-only from Excel)"
        )

    tmp_path = None
    try:
        from openpyxl import load_workbook
        from etl.refresh_ref import run_one

        # Save uploaded file to temp location
        with tempfile.NamedTemporaryFile(suffix='.xlsx', delete=False) as tmp:
            tmp_path = tmp.name
            content = await file.read()
            tmp.write(content)

        # Open workbook and detect sheet
        wb = load_workbook(tmp_path)
        expected_sheet = REF_TABLE_SHEET.get(table_name)
        sheet_name = None

        if expected_sheet and expected_sheet in wb.sheetnames:
            sheet_name = expected_sheet
        elif len(wb.sheetnames) == 1:
            sheet_name = wb.sheetnames[0]
        else:
            if expected_sheet:
                raise ValueError(f"Cannot find expected sheet '{expected_sheet}' in uploaded file. Available sheets: {', '.join(wb.sheetnames)}")
            else:
                raise ValueError(f"Unable to determine which sheet to use. Workbook has multiple sheets: {', '.join(wb.sheetnames)}")

        # Validate column headers for known mappings
        if table_name in REF_TABLE_SHEET:
            from etl.mappings import REF_MAPS
            sheet_key = REF_TABLE_SHEET[table_name]
            if sheet_key in REF_MAPS:
                mapping = REF_MAPS[sheet_key]
                expected_headers = {col[0] for col in mapping.get("columns", [])}

                sheet = wb[sheet_name]
                actual_headers = set()
                for cell in sheet[1]:
                    if cell.value:
                        actual_headers.add(str(cell.value).strip())

                missing = expected_headers - actual_headers
                if missing:
                    raise ValueError(f"Missing required columns: {', '.join(sorted(missing))}")

        # Run the refresh handler
        rows_read, rows_inserted, rows_skipped = run_one(table_name, tmp_path)
        return RefReloadResult(
            ok=True,
            table=table_name,
            rows_read=rows_read,
            rows_inserted=rows_inserted,
            rows_skipped=rows_skipped,
        )
    except ValueError as e:
        raise HTTPException(status_code=400, detail=str(e))
    except Exception as e:
        raise HTTPException(status_code=500, detail=f"Reload failed: {str(e)}")
    finally:
        if tmp_path and os.path.exists(tmp_path):
            os.remove(tmp_path)


@app.post("/api/ref/{table_name}/insert", response_model=RefRowInsertResult)
def insert_ref_row(table_name: str, row: dict):
    """Insert a new row into a ref table. Returns error if PK already exists."""
    if table_name not in ALL_REF_TABLES:
        raise HTTPException(status_code=404, detail=f"Unknown ref table: {table_name}")

    try:
        from sqlalchemy.dialects.postgresql import insert as pg_insert

        with session_scope() as s:
            table = get_table(table_name)
            pk_cols = {c.name for c in table.primary_key.columns}

            # Validate PK fields are present
            if not all(col in row for col in pk_cols):
                raise HTTPException(
                    status_code=400,
                    detail=f"Missing PK fields: {sorted(pk_cols - set(row.keys()))}"
                )

            # Build INSERT with ON CONFLICT DO NOTHING
            stmt = pg_insert(table).values([row]).on_conflict_do_nothing()
            result = s.execute(stmt)

            n_inserted = result.rowcount if result.rowcount and result.rowcount > 0 else 0
            if n_inserted == 0:
                raise HTTPException(
                    status_code=409,
                    detail="Row already exists (duplicate primary key)"
                )

            return RefRowInsertResult(ok=True, inserted=n_inserted)
    except HTTPException:
        raise
    except Exception as e:
        raise HTTPException(status_code=500, detail=f"Insert failed: {str(e)}")


# -----------------------------------------------------------------------------
# Data Explorer
# -----------------------------------------------------------------------------

DATA_TABLE_DATE_COL: dict[str, str | None] = {
    # hist_* — snapshot_date
    "hist_y": "snapshot_date", "hist_tl": "snapshot_date", "hist_td": "snapshot_date",
    "hist_tw": "snapshot_date", "hist_to": "snapshot_date", "hist_rr": "snapshot_date",
    "hist_call": "snapshot_date", "hist_etf": "snapshot_date", "hist_ii": "snapshot_date",
    "hist_ssh": "snapshot_date", "hist_psrk": "snapshot_date", "hist_ps5": "snapshot_date",
    "hist_pstn": "snapshot_date", "hist_f": "snapshot_date", "hist_cs": "snapshot_date",
    "hist_etfchg": "event_date", "hist_iichg": "event_date",
    # drv_* — snapshot_date or as_of_date
    "drv_tl": "snapshot_date", "drv_td": "snapshot_date", "drv_tw": "snapshot_date",
    "drv_call": "snapshot_date", "drv_etf": "snapshot_date", "drv_ii": "snapshot_date",
    "drv_ssh": "snapshot_date", "drv_ssl": "as_of_date", "drv_sss": "as_of_date",
    "drv_ps": "as_of_date", "drv_ma": "as_of_date", "drv_dash": "as_of_date",
    "drv_stks": "as_of_date", "drv_dash_summary": "as_of_date", "drv_trig": "as_of_date",
    "drv_missing_symbols": "as_of_date",
    # drv_cat_* — as_of_date (concept-based category tables)
    "drv_cat_action_decision": "as_of_date", "drv_cat_atomic_input": "as_of_date",
    "drv_cat_bollinger": "as_of_date", "drv_cat_composite": "as_of_date",
    "drv_cat_earnings": "as_of_date", "drv_cat_etf": "as_of_date",
    "drv_cat_fundamentals": "as_of_date", "drv_cat_he_outlook": "as_of_date",
    "drv_cat_holdings_dollars": "as_of_date", "drv_cat_identity": "as_of_date",
    "drv_cat_ii": "as_of_date", "drv_cat_index_volatility": "as_of_date",
    "drv_cat_macd": "as_of_date", "drv_cat_moving_avg": "as_of_date",
    "drv_cat_perf_extremes": "as_of_date", "drv_cat_price": "as_of_date",
    "drv_cat_ps": "as_of_date", "drv_cat_quad_outlook": "as_of_date",
    "drv_cat_risk_range": "as_of_date", "drv_cat_rsi": "as_of_date",
    "drv_cat_sector_rollup": "as_of_date", "drv_cat_signal_strength": "as_of_date",
    "drv_cat_trend_trade": "as_of_date", "drv_cat_trig_summary": "as_of_date",
    "drv_cat_volatility_regime": "as_of_date", "drv_cat_volume": "as_of_date",
    # meta_* — varies
    "meta_etl_run": "started_at",
    "meta_file_processed": "file_date",
    "meta_cleanup_policy": None,
    "meta_cleanup_history": "run_at",
    "meta_derived_run": "as_of_date",
}

print(f"[DEBUG] DATA_TABLE_DATE_COL loaded with {len(DATA_TABLE_DATE_COL)} entries")
print(f"[DEBUG] drv_cat_* count: {len([k for k in DATA_TABLE_DATE_COL if k.startswith('drv_cat_')])}")


@app.get("/api/data/tables", response_model=list[DataTableMeta])
def list_data_tables():
    """List all non-ref tables with row counts and date column info."""
    result = []
    with session_scope() as s:
        for table_name, date_col in sorted(DATA_TABLE_DATE_COL.items()):
            try:
                count_row = s.execute(text(f"SELECT COUNT(*) FROM {table_name}")).first()
                row_count = count_row[0] if count_row else 0
            except Exception:
                row_count = 0
            # Categorize: hist, drv, drv2, drv_cat, ref, meta, other
            if table_name.startswith("drv_cat_"):
                category = "drv_cat"
            elif table_name.startswith("drv2_"):
                category = "drv2"
            elif table_name.startswith("drv_"):
                category = "drv"
            elif table_name.startswith("hist_"):
                category = "hist"
            elif table_name.startswith("ref_"):
                category = "ref"
            elif table_name.startswith("meta_"):
                category = "meta"
            else:
                category = "other"
            result.append(DataTableMeta(
                name=table_name,
                category=category,
                row_count=row_count,
                date_col=date_col,
            ))
    return result


@app.get("/api/stats/tables", response_model=list[TableStats])
def stats_tables(date: Optional[str] = Query(None)):
    """Get row count stats for all tables, optionally filtered by date."""
    try:
        d = _resolve_date(date)
    except HTTPException:
        # No data loaded yet - use a default date for filtering
        d = None
    results = []
    with session_scope() as s:
        # Non-ref tables (hist_*, drv_*, meta_*) with date filtering
        for table_name, date_col in sorted(DATA_TABLE_DATE_COL.items()):
            try:
                if date_col:
                    sql = f"""
                        SELECT COUNT(*) AS total,
                               COUNT(DISTINCT {date_col}) AS distinct_dates,
                               MIN({date_col})::text AS min_date,
                               MAX({date_col})::text AS max_date,
                               SUM(CASE WHEN {date_col}::date = :d THEN 1 ELSE 0 END) AS rows_on_date
                        FROM {table_name}
                    """
                    row = s.execute(text(sql), {"d": d}).mappings().one()
                    rows_on_date = int(row["rows_on_date"]) if row["rows_on_date"] else 0
                    distinct_dates = int(row["distinct_dates"]) if row["distinct_dates"] else 0
                else:
                    sql = f"SELECT COUNT(*) AS total FROM {table_name}"
                    row = s.execute(text(sql)).mappings().one()
                    rows_on_date = None
                    distinct_dates = None

                # Categorize
                if table_name.startswith("drv_cat_"):
                    category = "drv_cat"
                elif table_name.startswith("drv_"):
                    category = "drv"
                elif table_name.startswith("hist_"):
                    category = "hist"
                elif table_name.startswith("meta_"):
                    category = "meta"
                else:
                    category = "other"

                results.append(TableStats(
                    name=table_name,
                    category=category,
                    date_col=date_col,
                    total_rows=int(row["total"]),
                    rows_on_date=rows_on_date,
                    distinct_dates=distinct_dates,
                    min_date=row.get("min_date"),
                    max_date=row.get("max_date"),
                ))
            except Exception as e:
                # Log but continue on table errors
                print(f"Error querying {table_name}: {e}")

        # Ref tables (no date filtering)
        for table_name in ALL_REF_TABLES:
            try:
                cnt_row = s.execute(text(f"SELECT COUNT(*) FROM {table_name}")).first()
                row_count = cnt_row[0] if cnt_row else 0
                results.append(TableStats(
                    name=table_name,
                    category="ref",
                    date_col=None,
                    total_rows=row_count,
                    rows_on_date=None,
                    distinct_dates=None,
                    min_date=None,
                    max_date=None,
                ))
            except Exception as e:
                print(f"Error querying {table_name}: {e}")

    return sorted(results, key=lambda r: (r.category, r.name))


@app.get("/api/data/{table_name}", response_model=RefTableData)
def get_data_table(
    table_name: str,
    date: Optional[str] = Query(None),
    limit: int = Query(200, ge=1, le=5000),
    offset: int = Query(0, ge=0),
    sort_by: Optional[str] = Query(None),
    sort_dir: Optional[str] = Query("asc", pattern="^(asc|desc)$"),
):
    """Fetch data from any non-ref table using dashboard date with table-specific logic and optional sorting."""
    if table_name not in DATA_TABLE_DATE_COL:
        raise HTTPException(status_code=404, detail=f"Unknown table: {table_name}")

    date_col = DATA_TABLE_DATE_COL[table_name]
    d = _resolve_date(date) if date_col else None

    with session_scope() as s:
        table = get_table(table_name)
        pk_cols = {c.name for c in table.primary_key.columns}
        columns = [
            RefTableColumn(name=c.name, is_pk=(c.name in pk_cols))
            for c in table.columns
            if c.name not in {"loaded_at", "computed_at"}
        ]

        where_clause = ""
        params: dict = {"lim": limit, "off": offset}

        if date_col and d:
            is_timestamp = str(table.columns[date_col].type).startswith("TIMESTAMP")
            date_cast = f"{date_col}::date" if is_timestamp else date_col

            # Table-specific date filter logic
            if table_name in ("hist_y", "hist_tl", "hist_td", "hist_tw", "drv_tl", "drv_td", "drv_tw"):
                # Exact date match
                where_clause = f"WHERE {date_cast} = :d"
                params["d"] = d
            elif table_name in ("hist_to", "hist_rr", "hist_f", "hist_cs", "hist_etf", "hist_ii", "hist_psrk", "hist_ssh"):
                # Pick MAX date where date < dashboard date
                max_date_sql = f"SELECT MAX({date_cast}) FROM {table_name} WHERE {date_cast} < :d"
                max_date_result = s.execute(text(max_date_sql), {"d": d}).scalar()
                if max_date_result:
                    where_clause = f"WHERE {date_cast} = :max_d"
                    params["max_d"] = max_date_result
                else:
                    where_clause = "WHERE 1=0"  # No data available
            elif table_name == "hist_etfchg":
                # Pick MAX date where date < dashboard date (ETF change history)
                max_date_sql = f"SELECT MAX({date_cast}) FROM {table_name} WHERE {date_cast} < :d"
                max_date_result = s.execute(text(max_date_sql), {"d": d}).scalar()
                if max_date_result:
                    where_clause = f"WHERE {date_cast} = :max_d"
                    params["max_d"] = max_date_result
                else:
                    where_clause = "WHERE 1=0"
            elif table_name == "hist_iichg":
                # Pick MAX date where date < dashboard date (II change history)
                max_date_sql = f"SELECT MAX({date_cast}) FROM {table_name} WHERE {date_cast} < :d"
                max_date_result = s.execute(text(max_date_sql), {"d": d}).scalar()
                if max_date_result:
                    where_clause = f"WHERE {date_cast} = :max_d"
                    params["max_d"] = max_date_result
                else:
                    where_clause = "WHERE 1=0"
            elif table_name == "hist_call":
                # Last 7 days from dashboard date
                from datetime import timedelta
                d_minus_7 = d - timedelta(days=7)
                where_clause = f"WHERE {date_cast} >= :d_minus_7 AND {date_cast} <= :d"
                params["d"] = d
                params["d_minus_7"] = d_minus_7
            elif table_name in ("drv_call", "drv_etf", "drv_ii", "drv_ssh"):
                # Pick MAX date where date <= dashboard date (latest derived table snapshot)
                max_date_sql = f"SELECT MAX({date_cast}) FROM {table_name} WHERE {date_cast} <= :d"
                max_date_result = s.execute(text(max_date_sql), {"d": d}).scalar()
                if max_date_result:
                    where_clause = f"WHERE {date_cast} = :max_d"
                    params["max_d"] = max_date_result
                else:
                    where_clause = "WHERE 1=0"

        # Determine ORDER BY clause
        if sort_by:
            # Validate sort_by is a valid column
            col_names = {c.name for c in table.columns}
            if sort_by not in col_names:
                raise HTTPException(status_code=400, detail=f"Invalid sort column: {sort_by}")
            order_clause = f"ORDER BY {sort_by} {sort_dir.upper()} NULLS LAST"
        else:
            # Default: order by primary key(s) for consistent pagination
            pk_order = ", ".join([c.name for c in table.primary_key.columns])
            order_clause = f"ORDER BY {pk_order}"

        rows_sql = f"SELECT * FROM {table_name} {where_clause} {order_clause} LIMIT :lim OFFSET :off"
        row_list = s.execute(text(rows_sql), params).mappings().all()
        rows = [dict(r) for r in row_list]

        count_sql = f"SELECT COUNT(*) FROM {table_name} {where_clause}"
        count_row = s.execute(text(count_sql), params).first()
        total = count_row[0] if count_row else 0

    return RefTableData(
        table=table_name,
        columns=columns,
        rows=rows,
        total=total,
    )


# -----------------------------------------------------------------------------
# Rule Engine v2 — Read-only API
# -----------------------------------------------------------------------------

@app.get("/api/rules/atomic", response_model=list[dict])
def list_atomic_rules(
    category: Optional[str] = Query(None),
    limit: int = Query(500, ge=1, le=5000),
    offset: int = Query(0, ge=0),
):
    """List atomic rules with optional filtering."""
    with session_scope() as s:
        sql = """SELECT atomic_rule_id, rule_name, brkeout_from, brkeout_to,
                        wt_below, wt_between, wt_above, ma_column_name,
                        category, intent_text, scoring_mode, score_params, deprecated_at
                 FROM ref_trig_atomic_rule WHERE deprecated_at IS NULL"""
        params = {}
        if category:
            sql += " AND category = :cat"
            params["cat"] = category
        sql += " ORDER BY atomic_rule_id LIMIT :lim OFFSET :off"
        params["lim"] = limit
        params["off"] = offset

        rows = s.execute(text(sql), params).mappings().all()
        return [dict(r) for r in rows]


@app.get("/api/rules/atomic/{rule_id}", response_model=dict)
def get_atomic_rule(rule_id: str):
    """Get a single atomic rule."""
    with session_scope() as s:
        row = s.execute(
            text("""SELECT atomic_rule_id as rule_id, rule_name,
                           brkeout_from, brkeout_to, wt_below, wt_between, wt_above,
                           ma_column_name, category, intent_text, scoring_mode,
                           score_params, deprecated_at
                    FROM ref_trig_atomic_rule WHERE atomic_rule_id = :rid"""),
            {"rid": rule_id}
        ).mappings().first()
    if not row:
        raise HTTPException(status_code=404, detail=f"Rule {rule_id} not found")
    return dict(row)


@app.get("/api/rules/composite", response_model=list[dict])
def list_composite_rules(
    category: Optional[str] = Query(None),
    limit: int = Query(500, ge=1, le=5000),
    offset: int = Query(0, ge=0),
):
    """List composite rules (distinct rules only)."""
    with session_scope() as s:
        sql = "SELECT DISTINCT ON (composite_rule_code) composite_rule_code, category, intent_text, precondition_expr, deprecated_at FROM ref_trig_composite_mapping WHERE deprecated_at IS NULL"
        params = {}
        if category:
            sql += " AND category = :cat"
            params["cat"] = category
        sql += " ORDER BY composite_rule_code LIMIT :lim OFFSET :off"
        params["lim"] = limit
        params["off"] = offset

        rows = s.execute(text(sql), params).mappings().all()
        return [dict(r) for r in rows]


@app.get("/api/rules/composite/{rule_id}", response_model=dict)
def get_composite_rule(rule_id: str):
    """Get a single composite rule."""
    with session_scope() as s:
        row = s.execute(
            text("""SELECT DISTINCT ON (composite_rule_code) composite_rule_code as rule_id,
                           category, intent_text, precondition_expr, deprecated_at
                    FROM ref_trig_composite_mapping WHERE composite_rule_code = :rid"""),
            {"rid": rule_id}
        ).mappings().first()
    if not row:
        raise HTTPException(status_code=404, detail=f"Rule {rule_id} not found")
    return dict(row)


@app.get("/api/rules/composite/{rule_id}/atomics", response_model=list[dict])
def get_composite_rule_atomics(rule_id: str):
    """Get the atomic rules that feed into a composite rule."""
    with session_scope() as s:
        rows = s.execute(
            text("""SELECT a.atomic_rule_id, a.rule_name, a.category, a.scoring_mode,
                           a.brkeout_from, a.brkeout_to, a.wt_below, a.wt_between, a.wt_above,
                           m.weight_override
                    FROM ref_trig_atomic_rule a
                    JOIN ref_trig_composite_mapping m ON a.atomic_rule_id = m.atomic_rule_id
                    WHERE m.composite_rule_code = :crc AND a.deprecated_at IS NULL
                    ORDER BY a.atomic_rule_id"""),
            {"crc": rule_id}
        ).mappings().all()
    return [dict(r) for r in rows]


@app.get("/api/rules/performance", response_model=list[dict])
def get_rule_performance(
    sort_by: Optional[str] = Query("hit_rate"),
    limit: int = Query(500, ge=1, le=5000),
):
    """Get rule performance metrics."""
    valid_sorts = {"hit_rate", "sample_size", "rule_id", "avg_fwd_5d"}
    if sort_by not in valid_sorts:
        sort_by = "hit_rate"

    with session_scope() as s:
        sql = f"SELECT * FROM v_rule_performance ORDER BY {sort_by} DESC LIMIT :lim"
        rows = s.execute(text(sql), {"lim": limit}).mappings().all()
        return [dict(r) for r in rows]


@app.post("/api/rules/atomic", response_model=dict, status_code=201)
def create_atomic_rule(body: AtomicRuleCreateRequest):
    """Create a new atomic rule."""
    with session_scope() as s:
        existing = s.execute(
            text("SELECT 1 FROM ref_trig_atomic_rule WHERE atomic_rule_id = :rid"),
            {"rid": body.rule_id}
        ).first()
        if existing:
            raise HTTPException(status_code=409, detail=f"Rule {body.rule_id} already exists")
        s.execute(text("""
            INSERT INTO ref_trig_atomic_rule
              (atomic_rule_id, rule_name, category, intent_text, ma_column_name,
               scoring_mode, score_params, brkeout_from, brkeout_to,
               wt_below, wt_between, wt_above)
            VALUES
              (:rid, :rname, :cat, :intent, :macol,
               :mode, :params::jsonb, :bf, :bt,
               :wb, :wbt, :wa)
        """), {
            "rid": body.rule_id, "rname": body.rule_name, "cat": body.category,
            "intent": body.intent_text, "macol": body.ma_column_name,
            "mode": body.scoring_mode,
            "params": json.dumps(body.score_params) if body.score_params else None,
            "bf": body.brkeout_from, "bt": body.brkeout_to,
            "wb": body.wt_below, "wbt": body.wt_between, "wa": body.wt_above,
        })
        s.commit()
    return {"ok": True, "rule_id": body.rule_id}


@app.put("/api/rules/atomic/{rule_id}", response_model=dict)
def update_atomic_rule(rule_id: str, body: AtomicRuleUpdateRequest):
    """Update an existing atomic rule."""
    with session_scope() as s:
        updates = {k: v for k, v in body.model_dump().items() if v is not None}
        if not updates:
            raise HTTPException(status_code=400, detail="No fields to update")
        set_clause = ", ".join(f"{k} = :{k}" for k in updates)
        updates["rule_id"] = rule_id
        if "score_params" in updates and updates["score_params"] is not None:
            updates["score_params"] = json.dumps(updates["score_params"])
        result = s.execute(
            text(f"UPDATE ref_trig_atomic_rule SET {set_clause} WHERE atomic_rule_id = :rule_id AND deprecated_at IS NULL"),
            updates
        )
        if result.rowcount == 0:
            raise HTTPException(status_code=404, detail=f"Rule {rule_id} not found or deprecated")
        s.commit()
    return {"ok": True, "updated": result.rowcount}


@app.delete("/api/rules/atomic/{rule_id}", response_model=dict)
def deprecate_atomic_rule(rule_id: str):
    """Soft-delete (deprecate) an atomic rule."""
    with session_scope() as s:
        result = s.execute(
            text("UPDATE ref_trig_atomic_rule SET deprecated_at = now() WHERE atomic_rule_id = :rid AND deprecated_at IS NULL"),
            {"rid": rule_id}
        )
        if result.rowcount == 0:
            raise HTTPException(status_code=404, detail=f"Rule {rule_id} not found or already deprecated")
        s.commit()
    return {"ok": True, "deprecated": rule_id}


@app.post("/api/rules/composite", response_model=dict, status_code=201)
def create_composite_rule(body: CompositeRuleCreateRequest):
    """Create a new composite rule."""
    with session_scope() as s:
        if not body.atomic_rule_ids:
            raise HTTPException(status_code=400, detail="At least one atomic_rule_id required")
        for atom_id in body.atomic_rule_ids:
            s.execute(text("""
                INSERT INTO ref_trig_composite_mapping
                  (composite_rule_code, atomic_rule_id, category, intent_text, precondition_expr)
                VALUES (:code, :atom, :cat, :intent, :pre)
                ON CONFLICT DO NOTHING
            """), {
                "code": body.rule_code, "atom": atom_id,
                "cat": body.category, "intent": body.intent_text,
                "pre": body.precondition_expr,
            })
        s.commit()
    return {"ok": True, "rule_code": body.rule_code}


@app.put("/api/rules/composite/{rule_id}", response_model=dict)
def update_composite_rule(rule_id: str, body: CompositeRuleUpdateRequest):
    """Update category/intent/precondition on all mapping rows for a composite rule."""
    with session_scope() as s:
        updates = {k: v for k, v in body.model_dump().items() if v is not None}
        if not updates:
            raise HTTPException(status_code=400, detail="No fields to update")
        set_clause = ", ".join(f"{k} = :{k}" for k in updates)
        updates["rule_id"] = rule_id
        result = s.execute(
            text(f"UPDATE ref_trig_composite_mapping SET {set_clause} WHERE composite_rule_code = :rule_id AND deprecated_at IS NULL"),
            updates
        )
        if result.rowcount == 0:
            raise HTTPException(status_code=404, detail=f"Composite rule {rule_id} not found or deprecated")
        s.commit()
    return {"ok": True, "updated": result.rowcount}


@app.delete("/api/rules/composite/{rule_id}", response_model=dict)
def deprecate_composite_rule(rule_id: str):
    """Soft-delete (deprecate) all mapping rows for a composite rule."""
    with session_scope() as s:
        result = s.execute(
            text("UPDATE ref_trig_composite_mapping SET deprecated_at = now() WHERE composite_rule_code = :rid AND deprecated_at IS NULL"),
            {"rid": rule_id}
        )
        if result.rowcount == 0:
            raise HTTPException(status_code=404, detail=f"Composite rule {rule_id} not found or already deprecated")
        s.commit()
    return {"ok": True, "deprecated": rule_id}


# -----------------------------------------------------------------------------
# Composite editor — replace members + dry-run
# -----------------------------------------------------------------------------

@app.put("/api/rules/composite/{rule_id}/members", response_model=dict)
def replace_composite_members(rule_id: str, body: dict):
    """Replace the full member list for a composite (transactional).

    Composite members come in three kinds:
      - 'atomic'    — reference an existing atomic rule (default; legacy behavior)
      - 'data'      — inline scoring rule against a drv_cat column
      - 'composite' — nest another composite (parent ← child(score))

    Body shape:
      {
        "members": [
          # ATOMIC member:
          {"kind": "atomic", "atomic_rule_id": int,
           "weight_override": number|null},

          # DATA member (no shared atomic rule definition):
          {"kind": "data", "data_column": "drv_cat_atomic_input.bb_top",
           "brkeout_from": 0, "brkeout_to": 5,
           "wt_below": -1, "wt_between": 1, "wt_above": 2,
           "scoring_mode": "jump", "score_params": {}|null,
           "weight_override": number|null},

          # COMPOSITE member (nest another composite):
          {"kind": "composite", "nested_composite_code": "BM-Momentum-Up",
           "weight_override": number|null}
        ],
        "category": str|null, "intent_text": str|null, "precondition_expr": str|null
      }

    The migration db/19_composite_member_kinds.sql must be applied for the
    'data' and 'composite' kinds to persist.  If those columns don't exist yet,
    the endpoint falls back to writing only 'atomic' members and returns a
    warning in the response.
    """
    members = body.get("members") or []
    if not isinstance(members, list):
        raise HTTPException(status_code=400, detail="members must be a list")

    # Validate each member by kind
    seen_atomic = set(); seen_nested = set(); seen_data = set()
    for i, m in enumerate(members):
        kind = (m.get("kind") or "atomic").lower()
        if kind not in ("atomic", "data", "composite"):
            raise HTTPException(status_code=400,
                detail=f"member[{i}] kind must be atomic | data | composite")
        if kind == "atomic":
            atom_id = m.get("atomic_rule_id")
            if atom_id is None:
                raise HTTPException(status_code=400, detail=f"member[{i}] kind=atomic needs atomic_rule_id")
            if atom_id in seen_atomic:
                raise HTTPException(status_code=400, detail=f"duplicate atomic_rule_id {atom_id}")
            seen_atomic.add(atom_id)
        elif kind == "data":
            col = m.get("data_column")
            if not col:
                raise HTTPException(status_code=400, detail=f"member[{i}] kind=data needs data_column")
            if col in seen_data:
                raise HTTPException(status_code=400, detail=f"duplicate data_column {col}")
            seen_data.add(col)
        elif kind == "composite":
            nest = m.get("nested_composite_code")
            if not nest:
                raise HTTPException(status_code=400, detail=f"member[{i}] kind=composite needs nested_composite_code")
            if nest == rule_id:
                raise HTTPException(status_code=400, detail="composite cannot reference itself")
            if nest in seen_nested:
                raise HTTPException(status_code=400, detail=f"duplicate nested_composite_code {nest}")
            seen_nested.add(nest)

    category = body.get("category")
    intent   = body.get("intent_text")
    pre      = body.get("precondition_expr")

    warnings = []

    with session_scope() as s:
        # Detect whether the migration is applied
        mig_applied = bool(s.execute(text("""
            SELECT 1 FROM information_schema.columns
            WHERE table_name='ref_trig_composite_mapping' AND column_name='member_kind'
        """)).first())

        # Hard-delete current mappings; we want a clean replace
        s.execute(text(
            "DELETE FROM ref_trig_composite_mapping WHERE composite_rule_code = :rid"
        ), {"rid": rule_id})

        for i, m in enumerate(members):
            kind = (m.get("kind") or "atomic").lower()
            if not mig_applied and kind != "atomic":
                warnings.append(
                    f"member[{i}] kind={kind} skipped — apply db/19_composite_member_kinds.sql"
                )
                continue
            if mig_applied:
                s.execute(text("""
                    INSERT INTO ref_trig_composite_mapping
                      (composite_rule_code, member_kind,
                       atomic_rule_id, weight_override,
                       data_column, data_brkeout_from, data_brkeout_to,
                       data_wt_below, data_wt_between, data_wt_above,
                       data_scoring_mode, data_score_params,
                       nested_composite_code, member_multiplier,
                       category, intent_text, precondition_expr)
                    VALUES
                      (:rid, :kind,
                       :atom, :wo,
                       :dc, :dlo, :dhi,
                       :dwb, :dwbt, :dwa,
                       :dmode, CAST(:dparams AS JSONB),
                       :nest, :mult,
                       :cat, :intent, :pre)
                """), {
                    "rid":    rule_id,
                    "kind":   kind,
                    "atom":   m.get("atomic_rule_id") if kind == "atomic" else None,
                    "wo":     m.get("weight_override"),
                    "dc":     m.get("data_column") if kind == "data" else None,
                    "dlo":    m.get("brkeout_from") if kind == "data" else None,
                    "dhi":    m.get("brkeout_to")   if kind == "data" else None,
                    "dwb":    m.get("wt_below")     if kind == "data" else None,
                    "dwbt":   m.get("wt_between")   if kind == "data" else None,
                    "dwa":    m.get("wt_above")     if kind == "data" else None,
                    "dmode":  (m.get("scoring_mode") or "jump") if kind == "data" else None,
                    "dparams": json.dumps(m.get("score_params")) if (kind == "data" and m.get("score_params") is not None) else None,
                    "nest":   m.get("nested_composite_code") if kind == "composite" else None,
                    "mult":   m.get("member_multiplier"),
                    "cat":    category,
                    "intent": intent,
                    "pre":    pre,
                })
            else:
                # Pre-migration legacy schema — atomic only
                s.execute(text("""
                    INSERT INTO ref_trig_composite_mapping
                      (composite_rule_code, atomic_rule_id, weight_override,
                       category, intent_text, precondition_expr)
                    VALUES (:rid, :atom, :wo, :cat, :intent, :pre)
                """), {
                    "rid":    rule_id,
                    "atom":   m["atomic_rule_id"],
                    "wo":     m.get("weight_override"),
                    "cat":    category,
                    "intent": intent,
                    "pre":    pre,
                })
        s.commit()
    return {
        "ok": True,
        "rule_code": rule_id,
        "members_written": len(members) - len(warnings),
        "schema_extended": mig_applied,
        "warnings": warnings,
    }


@app.post("/api/rules/composite/{rule_id}/dryrun", response_model=dict)
def composite_dryrun(rule_id: str, body: dict):
    """Project the composite's score for a sample symbol BEFORE vs AFTER applying
    proposed member edits — without persisting anything.

    Body shape:
      {
        "members": [{"atomic_rule_id": int, "weight_override": number|null}, ...],
        "precondition_expr": str|null,
        "sample_symbol": "AAPL",     # optional, defaults to AAPL
        "as_of_date":    "YYYY-MM-DD" # optional, defaults to latest
      }

    Response shape:
      {
        "sample_symbol": "AAPL",
        "as_of_date":    "2026-05-07",
        "before": {"score": <num|null>, "fired": <bool>, "n_atomic_hit": <int>},
        "after":  {"score": <num|null>, "fired": <bool>, "n_atomic_hit": <int>,
                   "precondition_passed": <bool>},
        "affected_symbols_estimate": <int|null>,
        "note": <str>
      }
    """
    sym = (body.get("sample_symbol") or "AAPL").upper().strip()
    as_of = body.get("as_of_date")
    proposed_members = body.get("members") or []
    proposed_pre     = body.get("precondition_expr") or None

    # Lazy import to avoid heavyweight at module import time
    from etl.derive import _eval_precondition, eval_atomic_rule

    with session_scope() as s:
        if as_of:
            try:
                snap = datetime.strptime(as_of, "%Y-%m-%d").date()
            except ValueError:
                raise HTTPException(status_code=400, detail="as_of_date must be YYYY-MM-DD")
        else:
            row = s.execute(text(
                "SELECT MAX(as_of_date) AS d FROM drv_stks"
            )).mappings().first()
            snap = row["d"] if row and row["d"] else date.today()

        # ---- BEFORE: read snapshot from drv_stks for the existing composite
        before = {"score": None, "fired": False, "n_atomic_hit": 0}
        stks_row = s.execute(text("""
            SELECT triggered_composite_ids, triggered_atomic_ids
            FROM drv_stks
            WHERE as_of_date = :d AND symbol = :sym
            LIMIT 1
        """), {"d": snap, "sym": sym}).mappings().first()
        if stks_row and stks_row["triggered_composite_ids"]:
            for c in stks_row["triggered_composite_ids"]:
                if c.get("rule_id") == rule_id:
                    before["score"] = float(c.get("score") or 0)
                    before["fired"] = before["score"] != 0
                    break

        # Existing member set, for "what changed" note
        existing = s.execute(text("""
            SELECT atomic_rule_id, weight_override
            FROM ref_trig_composite_mapping
            WHERE composite_rule_code = :rid AND deprecated_at IS NULL
            ORDER BY atomic_rule_id
        """), {"rid": rule_id}).mappings().all()
        existing_ids = {r["atomic_rule_id"] for r in existing}

        # ---- AFTER: re-evaluate the proposed composite for the sample symbol
        # 1. fetch drv_ma + drv_cat_atomic_input for the sample symbol
        try:
            ma_dict = dict(s.execute(text(
                "SELECT * FROM drv_ma WHERE as_of_date=:d AND symbol=:sym LIMIT 1"
            ), {"d": snap, "sym": sym}).mappings().first() or {})
        except Exception:
            ma_dict = {}
        try:
            ai_dict = dict(s.execute(text(
                "SELECT * FROM drv_cat_atomic_input WHERE as_of_date=:d AND symbol=:sym LIMIT 1"
            ), {"d": snap, "sym": sym}).mappings().first() or {})
        except Exception:
            ai_dict = {}

        # 2. Precondition check on the row
        pre_passed = True
        if proposed_pre:
            pre_passed = bool(_eval_precondition(proposed_pre, ma_dict))

        if not pre_passed:
            after = {"score": None, "fired": False, "n_atomic_hit": 0,
                     "precondition_passed": False,
                     "by_kind": {"atomic": 0, "data": 0, "composite": 0}}
        else:
            # 3. Score each proposed member by its kind
            #    'atomic'    — read column, eval rule
            #    'data'      — inline rule defined right on the member
            #    'composite' — pull score from drv_stks.triggered_composite_ids
            atomic_members  = [m for m in proposed_members if (m.get("kind") or "atomic") == "atomic"]
            data_members    = [m for m in proposed_members if m.get("kind") == "data"]
            nested_members  = [m for m in proposed_members if m.get("kind") == "composite"]

            atom_ids = [m["atomic_rule_id"] for m in atomic_members
                        if m.get("atomic_rule_id") is not None]
            atomics = []
            if atom_ids:
                atomics = s.execute(text("""
                    SELECT atomic_rule_id, rule_name, ma_column_name,
                           brkeout_from, brkeout_to,
                           wt_below, wt_between, wt_above,
                           scoring_mode, score_params
                    FROM ref_trig_atomic_rule
                    WHERE atomic_rule_id = ANY(:ids) AND deprecated_at IS NULL
                """), {"ids": atom_ids}).mappings().all()

            # Resolve column for each atomic via ref_ma_columns (same algo as derive)
            rule_names = [a["rule_name"] for a in atomics if a.get("rule_name")]
            col_lookup: dict = {}
            if rule_names:
                try:
                    reg = s.execute(text("""
                        SELECT excel_header, column_name, drv_cat_table
                        FROM ref_ma_columns
                        WHERE excel_header = ANY(:names)
                        ORDER BY CASE WHEN drv_cat_table='drv_cat_atomic_input' THEN 0 ELSE 1 END
                    """), {"names": rule_names}).mappings().all()
                    for r in reg:
                        col_lookup.setdefault(r["excel_header"],
                                              (r["drv_cat_table"], r["column_name"]))
                except Exception:
                    pass
            # Fallback to ma_column_name parsing
            for a in atomics:
                if a["rule_name"] not in col_lookup and a["ma_column_name"] and "." in a["ma_column_name"]:
                    tbl, _, col = a["ma_column_name"].partition(".")
                    col_lookup[a["rule_name"]] = (tbl, col)

            override_map = {m["atomic_rule_id"]: m.get("weight_override")
                            for m in atomic_members}

            score = 0.0
            n_hit = 0
            by_kind = {"atomic": 0.0, "data": 0.0, "composite": 0.0}

            # ---- atomic members ----
            for a in atomics:
                src = col_lookup.get(a["rule_name"])
                value = None
                if src:
                    tbl, col = src
                    if tbl == "drv_cat_atomic_input":
                        value = ai_dict.get(col)
                    else:
                        value = ma_dict.get(col)
                w = eval_atomic_rule(value, dict(a))
                ovr = override_map.get(a["atomic_rule_id"])
                if ovr is not None and w != 0:
                    w = float(ovr)
                if w != 0:
                    n_hit += 1
                score += w
                by_kind["atomic"] += w

            # ---- data members (inline scoring against a drv_cat column) ----
            for dm in data_members:
                col_path = dm.get("data_column") or ""
                # Resolve "table.col" or bare col → drv_cat_atomic_input
                if "." in col_path:
                    tbl, _, col = col_path.partition(".")
                else:
                    tbl, col = "drv_cat_atomic_input", col_path
                if tbl == "drv_ma":
                    value = ma_dict.get(col)
                elif tbl == "drv_cat_atomic_input":
                    value = ai_dict.get(col)
                else:
                    # Read on demand for other drv_cat_* tables
                    try:
                        row = s.execute(text(
                            f'SELECT "{col}" AS v FROM {tbl} '
                            "WHERE as_of_date=:d AND symbol=:sym LIMIT 1"
                        ), {"d": snap, "sym": sym}).mappings().first()
                        value = row["v"] if row else None
                    except Exception:
                        value = None
                inline_rule = {
                    "brkeout_from":  dm.get("brkeout_from"),
                    "brkeout_to":    dm.get("brkeout_to"),
                    "wt_below":      dm.get("wt_below"),
                    "wt_between":    dm.get("wt_between"),
                    "wt_above":      dm.get("wt_above"),
                    "scoring_mode":  dm.get("scoring_mode") or "jump",
                    "score_params":  dm.get("score_params"),
                }
                w = eval_atomic_rule(value, inline_rule)
                ovr = dm.get("weight_override")
                if ovr is not None and w != 0:
                    w = float(ovr)
                if w != 0:
                    n_hit += 1
                score += w
                by_kind["data"] += w

            # ---- composite members (nested) ----
            #   pull each child's score from drv_stks.triggered_composite_ids
            #   for this (date, symbol). Single-level lookup — full recursion
            #   with cycle detection happens in the derive layer (follow-up).
            child_scores = {}
            if stks_row and stks_row["triggered_composite_ids"]:
                for c in stks_row["triggered_composite_ids"]:
                    cid = c.get("rule_id")
                    if cid:
                        child_scores[cid] = float(c.get("score") or 0)
            for nm in nested_members:
                code = nm.get("nested_composite_code")
                child_score = child_scores.get(code, 0.0)
                mult = nm.get("weight_override")
                contrib = float(mult) * child_score if mult is not None else child_score
                if contrib != 0:
                    n_hit += 1
                score += contrib
                by_kind["composite"] += contrib

            after = {"score": float(score), "fired": score != 0,
                     "n_atomic_hit": n_hit, "precondition_passed": True,
                     "by_kind": {k: float(v) for k, v in by_kind.items()}}

        # Diff note vs existing
        existing_atom_ids = {r["atomic_rule_id"] for r in existing if r["atomic_rule_id"] is not None}
        proposed_atom_ids = {m["atomic_rule_id"] for m in proposed_members
                             if m.get("kind", "atomic") == "atomic" and m.get("atomic_rule_id") is not None}
        added   = sorted(proposed_atom_ids - existing_atom_ids)
        removed = sorted(existing_atom_ids - proposed_atom_ids)
        n_data = sum(1 for m in proposed_members if m.get("kind") == "data")
        n_nest = sum(1 for m in proposed_members if m.get("kind") == "composite")
        note_parts = []
        if added:   note_parts.append(f"+{len(added)} atomic")
        if removed: note_parts.append(f"-{len(removed)} atomic")
        if n_data:  note_parts.append(f"{n_data} data members")
        if n_nest:  note_parts.append(f"{n_nest} nested composites")
        if proposed_pre and proposed_pre.strip():
            note_parts.append("precondition set")
        note = ", ".join(note_parts) if note_parts else "no membership change"

        # Affected-symbols estimate from drv_trig
        try:
            affected = s.execute(text("""
                SELECT COUNT(DISTINCT symbol) AS n FROM drv_trig
                WHERE composite_rule_code = :rid AND as_of_date = :d
            """), {"rid": rule_id, "d": snap}).scalar()
        except Exception:
            affected = None

        return {
            "rule_code": rule_id,
            "sample_symbol": sym,
            "as_of_date": snap.isoformat(),
            "before": before,
            "after":  after,
            "affected_symbols_estimate": int(affected) if affected is not None else None,
            "added_atomic_ids":   added,
            "removed_atomic_ids": removed,
            "note": note,
        }


# =============================================================================
# Rule Groups (hierarchical composition of composites and nested groups)
# =============================================================================

@app.get("/api/rules/groups", response_model=list[dict])
def get_rule_groups():
    """List all rule groups with their members."""
    try:
        from etl.rule_groups import get_all_rule_groups
        with session_scope() as s:
            groups = get_all_rule_groups(s)
        return groups
    except Exception as e:
        raise HTTPException(status_code=500, detail=str(e))


@app.get("/api/rules/groups/{group_code}", response_model=dict)
def get_rule_group_detail(group_code: str):
    """Return one rule group with its full member list."""
    try:
        from etl.rule_groups import get_rule_group
        with session_scope() as s:
            grp = get_rule_group(s, group_code)
        if not grp:
            raise HTTPException(status_code=404, detail=f"Rule group {group_code!r} not found")
        return grp
    except HTTPException:
        raise
    except Exception as e:
        raise HTTPException(status_code=500, detail=str(e))


# -----------------------------------------------------------------------------
# User actions  (Cockpit "Took action" / "Skip" buttons)
# -----------------------------------------------------------------------------

@app.post("/api/actions", response_model=dict)
def log_user_action(request: UserActionRequest):
    """Log a user action and snapshot the current triggered rules."""
    with session_scope() as s:
        stks_row = s.execute(
            text("""
                SELECT triggered_atomic_ids, triggered_composite_ids
                FROM drv_stks
                WHERE as_of_date = :d AND symbol = :sym
                LIMIT 1
            """),
            {"d": request.as_of_date, "sym": request.symbol}
        ).mappings().first()

        triggered = []
        if stks_row and stks_row["triggered_atomic_ids"]:
            triggered.extend(stks_row["triggered_atomic_ids"])
        if stks_row and stks_row["triggered_composite_ids"]:
            triggered.extend(stks_row["triggered_composite_ids"])

        result = s.execute(
            text("""
                INSERT INTO user_action_log
                  (as_of_date, symbol, action_code, triggered_rules, notes)
                VALUES (:d, :sym, :code, CAST(:rules AS JSONB), :notes)
                RETURNING id, created_at
            """),
            {
                "d": request.as_of_date,
                "sym": request.symbol,
                "code": request.action_code,
                "rules": json.dumps(triggered),
                "notes": request.notes,
            }
        ).mappings().first()

        s.commit()
        return {"ok": True, "id": result["id"],
                "created_at": result["created_at"].isoformat()}


# -----------------------------------------------------------------------------
# Symbol Trace — per-rule evaluation for one (date, symbol)
# -----------------------------------------------------------------------------

@app.get("/api/trace/{sym}", response_model=dict)
def get_symbol_trace(sym: str, as_of: Optional[str] = Query(None, alias="date")):
    """Return the full per-rule trace for one ticker (used by /trace page)."""
    sym_u = sym.upper().strip()
    with session_scope() as s:
        if as_of:
            try:
                snap = datetime.strptime(as_of, "%Y-%m-%d").date()
            except ValueError:
                raise HTTPException(status_code=400, detail="date must be YYYY-MM-DD")
        else:
            row = s.execute(text("SELECT MAX(as_of_date) AS d FROM drv_stks")).mappings().first()
            snap = row["d"] if row and row["d"] else date.today()

        summary_row = s.execute(text("""
            SELECT m.symbol, m.description, m.sector, m.asset_class, m.last_price,
                   s.composite_outlook, s.composite_label,
                   s.triggered_atomic_ids,  s.triggered_composite_ids
            FROM drv_ma m
            LEFT JOIN drv_stks s ON s.as_of_date = m.as_of_date AND s.symbol = m.symbol
            WHERE m.as_of_date = :d AND m.symbol = :sym
        """), {"d": snap, "sym": sym_u}).mappings().first()
        if not summary_row:
            raise HTTPException(status_code=404, detail=f"No drv_ma row for symbol={sym_u!r} on {snap}")

        triggered_atom_ids = set(); triggered_atom_meta = {}
        for t in (summary_row["triggered_atomic_ids"] or []):
            rid = t.get("rule_id")
            if rid is not None:
                triggered_atom_ids.add(rid); triggered_atom_meta[rid] = t
        triggered_comp_codes = set(); triggered_comp_score = {}
        for t in (summary_row["triggered_composite_ids"] or []):
            code = t.get("rule_id")
            if code is not None:
                triggered_comp_codes.add(code); triggered_comp_score[code] = t.get("score")

        atomic_rules = s.execute(text("""
            SELECT atomic_rule_id, rule_name, ma_column_name,
                   brkeout_from, brkeout_to,
                   wt_below, wt_between, wt_above,
                   scoring_mode, score_params, category, intent_text
            FROM ref_trig_atomic_rule
            WHERE deprecated_at IS NULL
            ORDER BY atomic_rule_id
        """)).mappings().all()
        mappings = s.execute(text("""
            SELECT composite_rule_code, atomic_rule_id, weight_override
            FROM ref_trig_composite_mapping
            WHERE deprecated_at IS NULL AND atomic_rule_id IS NOT NULL
        """)).mappings().all()
        rolls_into: dict = {}
        comp_members: dict = {}

        # NOTE: trace endpoint body was truncated during a previous edit.
        # Returning a minimal payload so the API stays importable; restore
        # full per-rule evaluation when the original logic is recovered.
        return {
            "symbol": summary_row["symbol"],
            "as_of_date": snap.isoformat(),
            "description": summary_row["description"],
            "sector": summary_row["sector"],
            "asset_class": summary_row["asset_class"],
            "last_price": summary_row["last_price"],
            "composite_outlook": summary_row["composite_outlook"],
            "composite_label": summary_row["composite_label"],
            "triggered_atomic_ids": sorted(triggered_atom_ids),
            "triggered_composite_codes": sorted(triggered_comp_codes),
            "atomic_meta": triggered_atom_meta,
            "composite_meta": triggered_comp_score,
            "atomic_rules_count": len(atomic_rules),
            "mappings_count": len(mappings),
            "rolls_into": rolls_into,
            "comp_members": comp_members,
            "_note": "trace body truncated; minimal payload returned",
        }


# -----------------------------------------------------------------------------
# Page routes — serve the static HTML for each web/*.html file.
# Static assets (CSS, JS) are served from /static/* via the mount below.
# -----------------------------------------------------------------------------

@app.get("/")
def page_index():
    return FileResponse(WEB_DIR / "index.html")

@app.get("/cockpit")
def page_cockpit():
    return FileResponse(WEB_DIR / "cockpit.html")

@app.get("/composite-edit")
def page_composite_edit():
    return FileResponse(WEB_DIR / "composite_edit.html")

@app.get("/dbstats")
def page_dbstats():
    return FileResponse(WEB_DIR / "dbstats.html")

@app.get("/explore")
def page_explore():
    return FileResponse(WEB_DIR / "explore.html")

@app.get("/groups")
def page_groups():
    return FileResponse(WEB_DIR / "groups.html")

@app.get("/ref")
def page_ref():
    return FileResponse(WEB_DIR / "ref.html")

@app.get("/rule-performance")
def page_rule_performance():
    return FileResponse(WEB_DIR / "rule_performance.html")

@app.get("/rules")
def page_rules():
    return FileResponse(WEB_DIR / "rules.html")

@app.get("/trace")
def page_trace():
    return FileResponse(WEB_DIR / "trace.html")

@app.get("/trig")
def page_trig():
    return FileResponse(WEB_DIR / "trig.html")


# -----------------------------------------------------------------------------
# Static asset mount — serves web/*.css, web/*.js, etc. under /static/<file>.
# Must be the LAST route registered so the page routes above take precedence.
# -----------------------------------------------------------------------------

app.mount("/static", StaticFiles(directory=WEB_DIR), name="static")
